Loading tokens ...
  train = 466137631 tokens, valid = 4689680 tokens
Loading tokenizer ...
gpu: NVIDIA GeForce RTX 3090 Ti (queue family 0, coopmat_bf16=true, integer_dot8=true)
Model: 47979776 parameters.
step 00200  train_loss = 8.4521  lr = 6.00e-04  (2880 tok/s)
step 00400  train_loss = 5.6038  lr = 6.00e-04  (2901 tok/s)
step 00600  train_loss = 5.0340  lr = 6.00e-04  (2912 tok/s)
step 00800  train_loss = 4.6099  lr = 5.99e-04  (2914 tok/s)
step 01000  train_loss = 4.2886  lr = 5.99e-04  (2912 tok/s)
step 01200  train_loss = 4.0576  lr = 5.99e-04  (2912 tok/s)
step 01400  train_loss = 3.8421  lr = 5.98e-04  (2913 tok/s)
step 01600  train_loss = 3.7047  lr = 5.97e-04  (2912 tok/s)
step 01800  train_loss = 3.6049  lr = 5.96e-04  (2912 tok/s)
step 02000  train_loss = 3.5684  lr = 5.95e-04  (2908 tok/s)
step 02200  train_loss = 3.4199  lr = 5.94e-04  (2903 tok/s)
step 02400  train_loss = 3.3305  lr = 5.93e-04  (2904 tok/s)
step 02600  train_loss = 3.3269  lr = 5.91e-04  (2905 tok/s)
step 02800  train_loss = 3.2723  lr = 5.90e-04  (2905 tok/s)
step 03000  train_loss = 3.1761  lr = 5.88e-04  (2903 tok/s)
           val_loss   = 3.0780
---- sample ----
Once upon a time, there was a little girl named Lily. She loved to play with her toys and her mommy. One day, she decided to play a game and asked her grandma to play with Sue. The bunny said, "Why are you happy to have a special toy!"
Lily was very sad and didn't know what to be. "Hi, let's climb up and fix the road."
Later that day, Lily's mom came to the kitchen and said, "That's so beautiful! I don't want to listen to you from it. I will help you too?"
Lily smiled and said, "I don't know, Lily, but I'm sorry, I have to give you a place. You're a good friend, and you are my friend. I'm sorry you like to ask you, but it was too big and bad. You have to worry."
Lily and her dad decided to take a closer look and they looked around and saw that Lily was wrong. She asked Lily if they could
----------------
step 03200  train_loss = 3.1744  lr = 5.87e-04  (2890 tok/s)
step 03400  train_loss = 3.1322  lr = 5.85e-04  (2893 tok/s)
step 03600  train_loss = 3.0816  lr = 5.83e-04  (2895 tok/s)
step 03800  train_loss = 3.0762  lr = 5.81e-04  (2896 tok/s)
step 04000  train_loss = 2.9932  lr = 5.79e-04  (2896 tok/s)
step 04200  train_loss = 2.9865  lr = 5.76e-04  (2897 tok/s)
step 04400  train_loss = 3.0073  lr = 5.74e-04  (2899 tok/s)
step 04600  train_loss = 2.9258  lr = 5.71e-04  (2900 tok/s)
